// Vitest Snapshot v1, https://vitest.dev/guide/snapshot.html

exports[`unit:lib/lines > should return lines info (0) 1`] = `
{
  "eol": ""\\r\\n"",
  "indent": [Function spacer],
  "lines": [
    "  🦄",
    "  🦾",
    "  🚀",
  ],
  "padLeft": [Function spacer],
  "padRight": [Function spacer],
}
`;

exports[`unit:lib/lines > should return lines info (1) 1`] = `
{
  "eol": ""\\n"",
  "indent": [Function spacer],
  "lines": [
    " The quick brown ",
    " fox jumped over ",
    " the lazy dog ",
  ],
  "padLeft": [Function spacer],
  "padRight": [Function spacer],
}
`;
